// Jest Snapshot v1, https://goo.gl/fbAQLP

exports[`render correctly Navbar component 1`] = `
<nav
  className="navbar navbar-expand-lg navbar-dark bg-dark"
>
  <div
    className="container-fluid"
  >
    <a
      className="navbar-brand"
      href="#"
    >
      Navbar
    </a>
    <button
      aria-controls="navbarNavDropdown"
      aria-expanded="false"
      aria-label="Toggle navigation"
      className="navbar-toggler"
      data-bs-target="#navbarNavDropdown"
      data-bs-toggle="collapse"
      type="button"
    >
      <span
        className="navbar-toggler-icon"
      />
    </button>
    <div
      className="collapse navbar-collapse"
      id="navbarNavDropdown"
    >
      <ul
        className="navbar-nav"
      >
        <li
          className="nav-item"
        >
          <a
            aria-current="page"
            className="nav-link active"
            to="/"
          >
            Home
          </a>
        </li>
        <li
          className="nav-item"
        >
          <a
            className="nav-link"
            to="/create"
          >
            Create User
          </a>
        </li>
      </ul>
    </div>
  </div>
</nav>
`;
